// Jest Snapshot v1, https://goo.gl/fbAQLP

exports[`Meal component tests Matches snapshot 1`] = `
<a
  href="/meals"
  onClick={[Function]}
>
  <div
    className="img-category-container"
    data-testid="category"
    style={
      Object {
        "backgroundImage": "url(https://media-cdn.tripadvisor.com/media/photo-s/18/3a/09/6c/bonefish-seafood-platter.jpg)",
      }
    }
  >
    <h5
      className="transparent-banner pl-3 py-2"
    >
      Seafood
    </h5>
  </div>
</a>
`;
